2026-08-18 14:29:37,509 [INFO] ==================================================
2026-08-18 14:29:37,509 [INFO] [启动] 开始执行医药政策定时监控任务 - 2026-08-18 14:29:37
2026-08-18 14:29:37,509 [INFO] ==================================================
2026-08-18 14:29:37,530 [INFO] [*] 正在监控源：[中国政府网与各部委政策库] ...
2026-08-18 14:29:45,211 [INFO] [中国政府网与各部委政策库] 采集完成，获取最新政策 34 条
2026-08-18 14:29:45,219 [INFO]   [新政策入库] [国家中医药局等] 关于印发医疗卫生强基工程中医药行动方案的通知
2026-08-18 14:29:45,223 [INFO]   [新政策入库] [国家中医药局 国家发展改革委] 关于印发《中医药振兴发展“十五五”规划》的通知
2026-08-18 14:29:45,229 [INFO]   [新政策入库] [国家林草局 国家发展改革委 财政部 自然资源部] 关于印发《林业草原保护利用“十五五”规划》的通知
2026-08-18 14:29:45,234 [INFO]   [新政策入库] [国家卫生健康委 国家中医药局 国家疾控局] 国家卫生健康委 国家中医药管理局 国家疾病预防控制局关于进一步做好公立医疗卫生机构医用设备集中采购工作的通知
2026-08-18 14:29:45,241 [INFO]   [新政策入库] [国家卫生健康委 国家中医药局 国家疾控局] 关于印发国家基本药物目录（2026年版）的通知
2026-08-18 14:29:45,247 [INFO]   [新政策入库] [人力资源社会保障部 自然资源部 国家发展改革委 交通运输部] 人力资源社会保障部等4部门关于支持海洋经济发展促进就业创业的通知
2026-08-18 14:29:45,252 [INFO]   [新政策入库] [国家卫生健康委办公厅] 国家卫生健康委办公厅关于进一步健全城市社区卫生服务体系 提升服务能力的通知
2026-08-18 14:29:45,259 [INFO]   [新政策入库] [自然资源部 国家发展改革委 科技部 工业和信息化部 国家卫生健康委 市场监管总局 国家中医药局 国家药监局] 关于加快海洋药物和功能制品高质量发展的指导意见
2026-08-18 14:29:45,264 [INFO]   [新政策入库] [国家卫生健康委 中央社会工作部 全国爱卫办 国家中医药局 国家疾控局 中国红十字会总会] 关于进一步发挥村（居）民委员会公共卫生委员会作用的指导意见
2026-08-18 14:29:45,271 [INFO]   [新政策入库] [国家知识产权强国建设工作部际联席会议办公室] 国家知识产权强国建设工作部际联席会议办公室关于印发《2026年知识产权强国建设推进计划》的通知
2026-08-18 14:29:45,276 [INFO]   [新政策入库] [国家卫生健康委 国家中医药局] 关于印发家庭病床服务指南（试行）的通知
2026-08-18 14:29:45,282 [INFO]   [新政策入库] [国家卫生健康委 工业和信息化部 金融监管总局 国家知识产权局 国家医保局 国家中医药局 国家疾控局 国家药监局] 关于改革完善儿童用药供应保障机制的实施意见
2026-08-18 14:29:45,289 [INFO]   [新政策入库] [商务部 市场监管总局] 商务部 市场监管总局关于印发《服务贸易标准化工作行动计划（2026—2030年）》的通知
2026-08-18 14:29:45,294 [INFO]   [新政策入库] [国家中医药局 国家卫生健康委] 国家中医药局 国家卫生健康委关于印发《医院中药饮片管理规范（2026版）》的通知
2026-08-18 14:29:45,302 [INFO]   [新政策入库] [国家卫生健康委 中央社会工作部 中央政法委 中央网信办 国家发展改革委 教育部 公安部 民政部 司法部 财政部 文化和旅游部 退役军人事务部 应急管理部 国务院国资委 市场监管总局 广电总局 体育总局 国家信访局 国家医保局 国家中医药局 国家疾控局 全国总工会 共青团中央 全国妇联 中国残联] 关于印发健全社会心理服务体系和危机干预机制实施方案的通知
2026-08-18 14:29:45,308 [INFO]   [新政策入库] [国家药监局] 国家药监局关于“人工智能+药品监管”的实施意见
2026-08-18 14:29:45,314 [INFO]   [新政策入库] [国家卫生健康委办公厅 国家中医药局综合司] 关于开展基层医疗卫生机构医疗质量改善三年行动（2026—2028年）的通知
2026-08-18 14:29:45,321 [INFO]   [新政策入库] [国家中医药局] 国家中医药管理局关于印发《三级中医医院评审标准（2026年版）》的通知
2026-08-18 14:29:45,328 [INFO]   [新政策入库] [国务院] 国务院关于印发《知识产权保护和运用“十五五”规划》的通知
2026-08-18 14:29:45,335 [INFO]   [新政策入库] [国务院] 国务院关于《扩大消费“十五五”规划》的批复
2026-08-18 14:29:45,341 [INFO]   [新政策入库] [国务院] 国务院关于印发《国民健康“十五五”规划》的通知
2026-08-18 14:29:45,349 [INFO]   [新政策入库] [国务院] 国务院关于《中医药振兴发展“十五五”规划》的批复
2026-08-18 14:29:45,354 [INFO]   [新政策入库] [国务院] 国务院关于《疾病预防控制“十五五”规划》的批复
2026-08-18 14:29:45,362 [INFO]   [新政策入库] [国务院办公厅] 国务院办公厅关于印发《国务院2026年度立法工作计划》的通知
2026-08-18 14:29:45,367 [INFO]   [新政策入库] [国务院办公厅] 国务院办公厅转发海关总署《关于促进综合保税区扩能提质的若干措施》的通知
2026-08-18 14:29:45,374 [INFO]   [新政策入库] [国务院办公厅] 国务院办公厅关于健全药品价格形成机制的若干意见
2026-08-18 14:29:45,381 [INFO]   [新政策入库] [国务院办公厅] 国务院办公厅印发《关于加快建设分级诊疗体系的若干措施》的通知
2026-08-18 14:29:45,387 [INFO]   [新政策入库] [国务院] 国务院关于印发《中国（内蒙古）自由贸易试验区总体方案》的通知
2026-08-18 14:29:45,394 [INFO]   [新政策入库] [国务院] 中华人民共和国药品管理法实施条例
2026-08-18 14:29:45,400 [INFO]   [新政策入库] [国务院] 殡葬管理条例
2026-08-18 14:29:45,406 [INFO]   [新政策入库] [国务院办公厅] 国务院办公厅关于加快场景培育和开放推动新场景大规模应用的实施意见
2026-08-18 14:29:45,412 [INFO]   [新政策入库] [国务院] 生物医学新技术临床研究和临床转化应用管理条例
2026-08-18 14:29:45,417 [INFO]   [新政策入库] [国务院] 国务院关于《医疗卫生强基工程实施方案》的批复
2026-08-18 14:29:45,423 [INFO]   [新政策入库] [国务院] 国务院关于《中国（江苏）自由贸易试验区生物医药全产业链开放创新发展方案》的批复
2026-08-18 14:29:45,424 [INFO] [统计] 本轮采集汇总：抓取目标文件 34 条，发现新增入库 34 条
2026-08-18 14:29:45,425 [INFO] [排版] 正在打包 8 条新政策并推送到微信...
2026-08-18 14:29:46,449 [INFO] ✅ [PushPlus 个人微信] 政策早报推送成功: 📋 医药政策速递 (08.18) | 监测到 8 条更新
2026-08-18 14:29:46,455 [INFO] [成功] 成功推送 8 条政策到微信，已完成去重标记。
2026-08-18 14:29:46,455 [INFO] [结束] 本轮任务执行完毕。

